// Jest Snapshot v1, https://goo.gl/fbAQLP

exports[`<Quiz /> renders snapshot 1`] = `ShallowWrapper {}`;
